[19:43:28] [INFO] Application Starting
[19:43:28] [INFO] Starting AURA
[19:43:28] [INFO] AURA Started Successfully
[19:43:39] [INFO] Application Starting
[19:43:39] [INFO] Starting AURA
[19:43:39] [INFO] AURA Started Successfully
[19:44:33] [INFO] Starting AURA
[19:44:33] [INFO] AURA Started Successfully
[19:44:33] [INFO] Application Closed
[19:45:52] [INFO] Application Starting
[19:45:52] [INFO] Starting AURA
[19:45:52] [INFO] AURA Started Successfully
[19:48:04] [INFO] Application Starting
[19:48:04] [INFO] Starting AURA
[19:48:04] [INFO] AURA Started Successfully
[20:04:53] [INFO] Application Starting
[20:04:53] [INFO] Starting AURA
[20:04:53] [INFO] AURA Started Successfully
[20:04:53] [INFO] Initializing Services...
[20:04:53] [INFO] All Services Initialized
