[15:31:09] [INFO] AURA Started Successfully
[15:31:09] [INFO] Configuration Loaded
[15:31:09] [DEBUG] Debug Mode Enabled
[15:31:09] [WARNING] This is only a test warning.
[16:23:13] [INFO] Starting AURA
[16:23:13] [INFO] AURA Started Successfully
[20:13:55] [INFO] Application Starting
[20:13:55] [INFO] Starting AURA
[20:13:55] [INFO] AURA Started Successfully
[20:13:55] [INFO] Application Closed
[20:21:50] [INFO] Application Starting
[20:21:50] [INFO] Starting AURA
[20:21:50] [INFO] AURA Started Successfully
[20:21:50] [INFO] Application Closed
[21:22:36] [INFO] Application Starting
[21:22:36] [INFO] Starting AURA
[21:22:36] [INFO] AURA Started Successfully
[21:22:36] [INFO] Application Closed
[21:25:42] [INFO] Application Starting
[21:25:42] [INFO] Starting AURA
[21:25:42] [INFO] AURA Started Successfully
[21:25:42] [INFO] Application Closed
