[20:32:44] [INFO] Application Starting
[20:32:44] [INFO] Starting WEBSTER
[20:32:44] [INFO] WEBSTER Started Successfully
[20:32:44] [INFO] Initializing Services...
[20:32:44] [INFO] memory initialized.
[20:32:46] [INFO] ai initialized.
[20:32:46] [INFO] study initialized.
[20:32:46] [INFO] voice initialized.
[20:32:46] [INFO] vision initialized.
[20:32:46] [INFO] All Services Initialized.
[20:33:04] [INFO] Application Starting
[20:33:04] [INFO] Starting WEBSTER
[20:33:04] [INFO] WEBSTER Started Successfully
[20:33:04] [INFO] Initializing Services...
[20:33:04] [INFO] memory initialized.
[20:33:05] [INFO] ai initialized.
[20:33:05] [INFO] study initialized.
[20:33:05] [INFO] voice initialized.
[20:33:05] [INFO] vision initialized.
[20:33:05] [INFO] All Services Initialized.
[20:36:14] [INFO] Application Starting
[20:36:14] [INFO] Starting WEBSTER
[20:36:14] [INFO] WEBSTER Started Successfully
[20:36:14] [INFO] Initializing Services...
[20:36:14] [INFO] memory initialized.
[20:36:15] [INFO] ai initialized.
[20:36:15] [INFO] study initialized.
[20:36:15] [INFO] voice initialized.
[20:36:15] [INFO] vision initialized.
[20:36:15] [INFO] All Services Initialized.
[21:47:21] [INFO] Application Starting
[21:47:21] [INFO] Starting WEBSTER
[21:47:21] [INFO] WEBSTER Started Successfully
[21:47:21] [INFO] Initializing Services...
[21:47:21] [INFO] memory initialized.
[21:47:22] [INFO] ai initialized.
[21:47:22] [INFO] study initialized.
[21:47:22] [INFO] voice initialized.
[21:47:22] [INFO] vision initialized.
[21:47:22] [INFO] All Services Initialized.
[21:50:15] [INFO] Application Starting
[21:50:15] [INFO] Starting WEBSTER
[21:50:15] [INFO] WEBSTER Started Successfully
[21:50:15] [INFO] Initializing Services...
[21:50:15] [INFO] memory initialized.
[21:50:16] [INFO] ai initialized.
[21:50:16] [INFO] study initialized.
[21:50:16] [INFO] voice initialized.
[21:50:16] [INFO] vision initialized.
[21:50:16] [INFO] All Services Initialized.
[21:54:34] [INFO] Application Starting
[21:54:34] [INFO] Starting WEBSTER
[21:54:34] [INFO] WEBSTER Started Successfully
[21:54:34] [INFO] Initializing Services...
[21:54:34] [INFO] memory initialized.
[21:54:38] [INFO] ai initialized.
[21:54:38] [INFO] study initialized.
[21:54:38] [INFO] voice initialized.
[21:54:38] [INFO] vision initialized.
[21:54:38] [INFO] All Services Initialized.
[21:56:48] [INFO] Application Starting
[21:56:48] [INFO] Starting WEBSTER
[21:56:48] [INFO] WEBSTER Started Successfully
[21:56:48] [INFO] Initializing Services...
[21:56:48] [INFO] memory initialized.
[21:56:49] [INFO] ai initialized.
[21:56:49] [INFO] study initialized.
[21:56:49] [INFO] voice initialized.
[21:56:49] [INFO] vision initialized.
[21:56:49] [INFO] All Services Initialized.
[21:58:51] [INFO] Application Starting
[21:58:51] [INFO] Starting WEBSTER
[21:58:51] [INFO] WEBSTER Started Successfully
[21:58:51] [INFO] Initializing Services...
[21:58:51] [INFO] memory initialized.
[21:58:51] [INFO] ai initialized.
[21:58:51] [INFO] study initialized.
[21:58:51] [INFO] voice initialized.
[21:58:51] [INFO] vision initialized.
[21:58:51] [INFO] All Services Initialized.
[21:59:55] [INFO] Application Starting
[21:59:55] [INFO] Starting WEBSTER
[21:59:55] [INFO] WEBSTER Started Successfully
[21:59:55] [INFO] Initializing Services...
[21:59:55] [INFO] memory initialized.
[21:59:56] [INFO] ai initialized.
[21:59:56] [INFO] study initialized.
[21:59:56] [INFO] voice initialized.
[21:59:56] [INFO] vision initialized.
[21:59:56] [INFO] All Services Initialized.
[22:33:07] [INFO] Application Starting
[22:33:07] [INFO] Starting WEBSTER
[22:33:07] [INFO] WEBSTER Started Successfully
[22:33:07] [INFO] Initializing Services...
[22:33:07] [INFO] memory initialized.
[22:33:08] [INFO] ai initialized.
[22:33:08] [INFO] study initialized.
[22:33:08] [INFO] voice initialized.
[22:33:08] [INFO] vision initialized.
[22:33:08] [INFO] All Services Initialized.
[22:34:26] [INFO] Application Starting
[22:34:26] [INFO] Starting WEBSTER
[22:34:26] [INFO] WEBSTER Started Successfully
[22:34:26] [INFO] Initializing Services...
[22:34:26] [INFO] memory initialized.
[22:34:27] [INFO] ai initialized.
[22:34:27] [INFO] study initialized.
[22:34:27] [INFO] voice initialized.
[22:34:27] [INFO] vision initialized.
[22:34:27] [INFO] All Services Initialized.
[22:38:32] [INFO] Application Starting
[22:38:32] [INFO] Starting WEBSTER
[22:38:32] [INFO] WEBSTER Started Successfully
[22:38:32] [INFO] Initializing Services...
[22:38:32] [INFO] memory initialized.
[22:38:33] [INFO] ai initialized.
[22:38:33] [INFO] study initialized.
[22:38:33] [INFO] voice initialized.
[22:38:33] [INFO] vision initialized.
[22:38:33] [INFO] All Services Initialized.
[22:42:29] [INFO] Application Starting
[22:42:29] [INFO] Starting WEBSTER
[22:42:29] [INFO] WEBSTER Started Successfully
[22:42:29] [INFO] Initializing Services...
[22:42:29] [INFO] memory initialized.
[22:42:30] [INFO] ai initialized.
[22:42:30] [INFO] study initialized.
[22:42:30] [INFO] voice initialized.
[22:42:30] [INFO] vision initialized.
[22:42:30] [INFO] All Services Initialized.
