[15:45:54] [INFO] Application Starting
[15:45:54] [INFO] Starting AURA
[15:45:54] [INFO] AURA Started Successfully
[15:45:54] [INFO] Initializing Services...
[15:45:54] [INFO] All Services Initialized
[15:47:15] [INFO] Application Closed
[15:47:56] [INFO] Application Starting
[15:47:56] [INFO] Starting AURA
[15:47:56] [INFO] AURA Started Successfully
[15:47:56] [INFO] Initializing Services...
[15:47:56] [INFO] All Services Initialized
[15:48:56] [INFO] Application Closed
[15:48:59] [INFO] Application Starting
[15:48:59] [INFO] Starting AURA
[15:48:59] [INFO] AURA Started Successfully
[15:48:59] [INFO] Initializing Services...
[15:48:59] [INFO] All Services Initialized
[15:52:54] [INFO] Application Starting
[15:52:54] [INFO] Starting AURA
[15:52:54] [INFO] AURA Started Successfully
[15:52:54] [INFO] Initializing Services...
[15:52:54] [INFO] All Services Initialized
[16:09:35] [INFO] Application Starting
[16:09:35] [INFO] Starting AURA
[16:09:35] [INFO] AURA Started Successfully
[16:09:35] [INFO] Initializing Services...
[16:09:35] [INFO] All Services Initialized
[16:16:28] [INFO] Application Starting
[16:16:28] [INFO] Starting AURA
[16:16:28] [INFO] AURA Started Successfully
[16:16:28] [INFO] Initializing Services...
[16:16:28] [INFO] All Services Initialized
[16:54:07] [INFO] Application Starting
[16:54:07] [INFO] Starting AURA
[16:54:07] [INFO] AURA Started Successfully
[16:54:07] [INFO] Initializing Services...
[16:54:07] [INFO] All Services Initialized
[16:56:14] [INFO] Application Starting
[16:56:14] [INFO] Starting AURA
[16:56:14] [INFO] AURA Started Successfully
[16:56:14] [INFO] Initializing Services...
[16:56:14] [INFO] All Services Initialized
[16:57:12] [INFO] Application Starting
[16:57:12] [INFO] Starting AURA
[16:57:12] [INFO] AURA Started Successfully
[16:57:12] [INFO] Initializing Services...
[16:57:12] [INFO] All Services Initialized
[16:58:02] [INFO] Application Starting
[16:58:02] [INFO] Starting AURA
[16:58:02] [INFO] AURA Started Successfully
[16:58:02] [INFO] Initializing Services...
[16:58:02] [INFO] All Services Initialized
[17:00:29] [INFO] Application Starting
[17:00:29] [INFO] Starting AURA
[17:00:29] [INFO] AURA Started Successfully
[17:00:29] [INFO] Initializing Services...
[17:00:29] [INFO] All Services Initialized
[17:00:58] [INFO] Application Starting
[17:00:58] [INFO] Starting AURA
[17:00:58] [INFO] AURA Started Successfully
[17:00:58] [INFO] Initializing Services...
[17:00:58] [INFO] All Services Initialized
[17:01:37] [INFO] Application Starting
[17:01:37] [INFO] Starting AURA
[17:01:37] [INFO] AURA Started Successfully
[17:01:37] [INFO] Initializing Services...
[17:01:37] [INFO] All Services Initialized
[17:01:46] [INFO] Application Starting
[17:01:46] [INFO] Starting AURA
[17:01:46] [INFO] AURA Started Successfully
[17:01:46] [INFO] Initializing Services...
[17:01:46] [INFO] All Services Initialized
[17:02:11] [INFO] Application Closed
[17:02:14] [INFO] Application Starting
[17:02:14] [INFO] Starting AURA
[17:02:14] [INFO] AURA Started Successfully
[17:02:14] [INFO] Initializing Services...
[17:02:14] [INFO] All Services Initialized
[17:02:48] [INFO] Application Closed
[17:03:29] [INFO] Application Starting
[17:03:29] [INFO] Starting AURA
[17:03:29] [INFO] AURA Started Successfully
[17:03:29] [INFO] Initializing Services...
[17:03:29] [INFO] All Services Initialized
[17:03:43] [INFO] Application Closed
[17:03:48] [INFO] Application Starting
[17:03:48] [INFO] Starting AURA
[17:03:48] [INFO] AURA Started Successfully
[17:03:48] [INFO] Initializing Services...
[17:03:48] [INFO] All Services Initialized
[17:04:24] [INFO] Application Closed
[17:04:32] [INFO] Application Starting
[17:04:32] [INFO] Starting AURA
[17:04:32] [INFO] AURA Started Successfully
[17:04:32] [INFO] Initializing Services...
[17:04:32] [INFO] All Services Initialized
[17:04:50] [INFO] Application Closed
[17:21:13] [INFO] Application Starting
[17:21:13] [INFO] Starting AURA
[17:21:13] [INFO] AURA Started Successfully
[17:21:13] [INFO] Initializing Services...
[17:21:13] [INFO] All Services Initialized
[17:21:23] [INFO] Application Closed
[17:21:26] [INFO] Application Starting
[17:21:26] [INFO] Starting AURA
[17:21:26] [INFO] AURA Started Successfully
[17:21:26] [INFO] Initializing Services...
[17:21:26] [INFO] All Services Initialized
[17:21:44] [INFO] Application Closed
[17:22:52] [INFO] Application Starting
[17:22:52] [INFO] Starting AURA
[17:22:52] [INFO] AURA Started Successfully
[17:22:52] [INFO] Initializing Services...
[17:22:52] [INFO] All Services Initialized
[17:23:02] [INFO] Application Closed
[18:02:37] [INFO] Application Starting
[18:02:37] [INFO] Starting AURA
[18:02:37] [INFO] AURA Started Successfully
[18:02:37] [INFO] Initializing Services...
[18:02:37] [INFO] memory initialized.
[18:02:37] [INFO] ai initialized.
[18:02:37] [INFO] study initialized.
[18:02:37] [INFO] voice initialized.
[18:02:37] [INFO] vision initialized.
[18:02:37] [INFO] All Services Initialized.
[18:03:16] [INFO] Closing AURA...
[18:03:16] [INFO] Application Closed
[21:25:31] [INFO] Application Starting
[21:25:31] [INFO] Starting AURA
[21:25:31] [INFO] AURA Started Successfully
[21:25:31] [INFO] Initializing Services...
[21:25:31] [INFO] memory initialized.
[21:25:31] [INFO] ai initialized.
[21:25:31] [INFO] study initialized.
[21:25:31] [INFO] voice initialized.
[21:25:31] [INFO] vision initialized.
[21:25:31] [INFO] All Services Initialized.
[21:27:40] [INFO] Closing AURA...
[21:27:40] [INFO] Application Closed
[21:28:50] [INFO] Application Starting
[21:28:50] [INFO] Starting AURA
[21:28:50] [INFO] AURA Started Successfully
[21:28:50] [INFO] Initializing Services...
[21:28:50] [INFO] memory initialized.
[21:28:50] [INFO] ai initialized.
[21:28:50] [INFO] study initialized.
[21:28:50] [INFO] voice initialized.
[21:28:50] [INFO] vision initialized.
[21:28:50] [INFO] All Services Initialized.
[21:35:09] [INFO] Application Starting
[21:35:09] [INFO] Starting AURA
[21:35:09] [INFO] AURA Started Successfully
[21:35:09] [INFO] Initializing Services...
[21:35:09] [INFO] memory initialized.
[21:35:09] [INFO] ai initialized.
[21:35:09] [INFO] study initialized.
[21:35:09] [INFO] voice initialized.
[21:35:09] [INFO] vision initialized.
[21:35:09] [INFO] All Services Initialized.
[21:35:18] [INFO] Closing AURA...
[21:35:18] [INFO] Application Closed
[21:57:40] [INFO] Application Starting
[21:57:40] [INFO] Starting AURA
[21:57:40] [INFO] AURA Started Successfully
[21:57:40] [INFO] Initializing Services...
[21:57:40] [INFO] memory initialized.
[21:57:40] [INFO] ai initialized.
[21:57:40] [INFO] study initialized.
[21:57:40] [INFO] voice initialized.
[21:57:40] [INFO] vision initialized.
[21:57:40] [INFO] All Services Initialized.
[22:01:07] [INFO] Application Starting
[22:01:07] [INFO] Starting AURA
[22:01:07] [INFO] AURA Started Successfully
[22:01:07] [INFO] Initializing Services...
[22:01:07] [INFO] memory initialized.
[22:01:07] [INFO] ai initialized.
[22:01:07] [INFO] study initialized.
[22:01:07] [INFO] voice initialized.
[22:01:07] [INFO] vision initialized.
[22:01:07] [INFO] All Services Initialized.
[22:01:24] [INFO] Application Starting
[22:01:24] [INFO] Starting AURA
[22:01:24] [INFO] AURA Started Successfully
[22:01:24] [INFO] Initializing Services...
[22:01:24] [INFO] memory initialized.
[22:01:24] [INFO] ai initialized.
[22:01:24] [INFO] study initialized.
[22:01:24] [INFO] voice initialized.
[22:01:24] [INFO] vision initialized.
[22:01:24] [INFO] All Services Initialized.
[22:05:51] [INFO] Application Starting
[22:05:51] [INFO] Starting AURA
[22:05:51] [INFO] AURA Started Successfully
[22:05:51] [INFO] Initializing Services...
[22:05:51] [INFO] memory initialized.
[22:05:51] [INFO] ai initialized.
[22:05:51] [INFO] study initialized.
[22:05:51] [INFO] voice initialized.
[22:05:51] [INFO] vision initialized.
[22:05:51] [INFO] All Services Initialized.
[22:13:33] [INFO] Application Starting
[22:13:33] [INFO] Starting AURA
[22:13:33] [INFO] AURA Started Successfully
[22:13:33] [INFO] Initializing Services...
[22:13:33] [INFO] memory initialized.
[22:13:33] [INFO] ai initialized.
[22:13:33] [INFO] study initialized.
[22:13:33] [INFO] voice initialized.
[22:13:33] [INFO] vision initialized.
[22:13:33] [INFO] All Services Initialized.
