[18:29:20] [INFO] Application Starting
[18:29:20] [INFO] Starting AURA
[18:29:20] [INFO] AURA Started Successfully
[18:29:20] [INFO] Initializing Services...
[18:29:20] [INFO] All Services Initialized
[18:30:02] [INFO] Application Closed
[18:49:29] [INFO] Application Starting
[18:49:29] [INFO] Starting AURA
[18:49:29] [INFO] AURA Started Successfully
[18:49:29] [INFO] Initializing Services...
[18:49:29] [INFO] All Services Initialized
[18:49:56] [INFO] Application Closed
[18:51:14] [INFO] Application Starting
[18:51:14] [INFO] Starting AURA
[18:51:14] [INFO] AURA Started Successfully
[18:51:14] [INFO] Initializing Services...
[18:51:14] [INFO] All Services Initialized
[19:07:38] [INFO] Application Starting
[19:07:38] [INFO] Starting AURA
[19:07:38] [INFO] AURA Started Successfully
[19:07:38] [INFO] Initializing Services...
[19:07:38] [INFO] All Services Initialized
[19:25:42] [INFO] Application Starting
[19:25:42] [INFO] Starting AURA
[19:25:42] [INFO] AURA Started Successfully
[19:25:42] [INFO] Initializing Services...
[19:25:42] [INFO] All Services Initialized
[19:25:51] [INFO] Application Starting
[19:25:51] [INFO] Starting AURA
[19:25:51] [INFO] AURA Started Successfully
[19:25:51] [INFO] Initializing Services...
[19:25:51] [INFO] All Services Initialized
[19:26:25] [INFO] Application Closed
[19:27:34] [INFO] Application Starting
[19:27:34] [INFO] Starting AURA
[19:27:34] [INFO] AURA Started Successfully
[19:27:34] [INFO] Initializing Services...
[19:27:34] [INFO] All Services Initialized
[19:27:48] [INFO] Application Closed
[19:29:17] [INFO] Application Starting
[19:29:17] [INFO] Starting AURA
[19:29:17] [INFO] AURA Started Successfully
[19:29:17] [INFO] Initializing Services...
[19:29:17] [INFO] All Services Initialized
[19:29:38] [INFO] Application Closed
[19:29:54] [INFO] Application Starting
[19:29:54] [INFO] Starting AURA
[19:29:54] [INFO] AURA Started Successfully
[19:29:54] [INFO] Initializing Services...
[19:29:54] [INFO] All Services Initialized
[19:30:51] [INFO] Application Closed
[20:50:29] [INFO] Application Starting
[20:50:29] [INFO] Starting AURA
[20:50:29] [INFO] AURA Started Successfully
[20:50:29] [INFO] Initializing Services...
[20:50:29] [INFO] All Services Initialized
[20:55:28] [INFO] Application Starting
[20:55:28] [INFO] Starting AURA
[20:55:28] [INFO] AURA Started Successfully
[20:55:28] [INFO] Initializing Services...
[20:55:28] [INFO] All Services Initialized
[20:58:28] [INFO] Application Closed
[20:58:55] [INFO] Application Starting
[20:58:55] [INFO] Starting AURA
[20:58:55] [INFO] AURA Started Successfully
[20:58:55] [INFO] Initializing Services...
[20:58:55] [INFO] All Services Initialized
[20:59:08] [INFO] Application Closed
[21:00:16] [INFO] Application Starting
[21:00:16] [INFO] Starting AURA
[21:00:16] [INFO] AURA Started Successfully
[21:00:16] [INFO] Initializing Services...
[21:00:16] [INFO] All Services Initialized
[21:01:29] [INFO] Application Closed
[21:01:35] [INFO] Application Starting
[21:01:35] [INFO] Starting AURA
[21:01:35] [INFO] AURA Started Successfully
[21:01:35] [INFO] Initializing Services...
[21:01:35] [INFO] All Services Initialized
[21:01:49] [INFO] Application Closed
[21:02:41] [INFO] Application Starting
[21:02:41] [INFO] Starting AURA
[21:02:41] [INFO] AURA Started Successfully
[21:02:41] [INFO] Initializing Services...
[21:02:41] [INFO] All Services Initialized
[21:03:15] [INFO] Application Closed
