[11:41:02] [INFO] Application Starting
[11:41:02] [INFO] Starting AURA
[11:41:02] [INFO] AURA Started Successfully
[11:41:02] [INFO] Initializing Services...
[11:41:02] [INFO] memory initialized.
[11:41:02] [INFO] ai initialized.
[11:41:02] [INFO] study initialized.
[11:41:02] [INFO] voice initialized.
[11:41:02] [INFO] vision initialized.
[11:41:02] [INFO] All Services Initialized.
[11:42:59] [INFO] Closing AURA...
[11:42:59] [INFO] Application Closed
[11:43:05] [INFO] Application Starting
[11:43:05] [INFO] Starting AURA
[11:43:05] [INFO] AURA Started Successfully
[11:43:05] [INFO] Initializing Services...
[11:43:05] [INFO] memory initialized.
[11:43:05] [INFO] ai initialized.
[11:43:05] [INFO] study initialized.
[11:43:05] [INFO] voice initialized.
[11:43:05] [INFO] vision initialized.
[11:43:05] [INFO] All Services Initialized.
[11:43:13] [INFO] Closing AURA...
[11:43:13] [INFO] Application Closed
[11:43:17] [INFO] Application Starting
[11:43:17] [INFO] Starting AURA
[11:43:17] [INFO] AURA Started Successfully
[11:43:17] [INFO] Initializing Services...
[11:43:17] [INFO] memory initialized.
[11:43:17] [INFO] ai initialized.
[11:43:17] [INFO] study initialized.
[11:43:17] [INFO] voice initialized.
[11:43:17] [INFO] vision initialized.
[11:43:17] [INFO] All Services Initialized.
[11:47:06] [INFO] Closing AURA...
[11:47:06] [INFO] Application Closed
[11:47:11] [INFO] Application Starting
[11:47:11] [INFO] Starting AURA
[11:47:11] [INFO] AURA Started Successfully
[11:47:11] [INFO] Initializing Services...
[11:47:11] [INFO] memory initialized.
[11:47:11] [INFO] ai initialized.
[11:47:11] [INFO] study initialized.
[11:47:11] [INFO] voice initialized.
[11:47:11] [INFO] vision initialized.
[11:47:11] [INFO] All Services Initialized.
[11:47:33] [INFO] Closing AURA...
[11:47:33] [INFO] Application Closed
[11:51:41] [INFO] Application Starting
[11:51:41] [INFO] Starting AURA
[11:51:41] [INFO] AURA Started Successfully
[11:51:41] [INFO] Initializing Services...
[11:51:41] [INFO] memory initialized.
[11:51:41] [INFO] ai initialized.
[11:51:41] [INFO] study initialized.
[11:51:41] [INFO] voice initialized.
[11:51:41] [INFO] vision initialized.
[11:51:41] [INFO] All Services Initialized.
[11:52:29] [INFO] Closing AURA...
[11:52:29] [INFO] Application Closed
[11:55:20] [INFO] Application Starting
[11:55:20] [INFO] Starting AURA
[11:55:20] [INFO] AURA Started Successfully
[11:55:20] [INFO] Initializing Services...
[11:55:20] [INFO] memory initialized.
[11:55:20] [INFO] ai initialized.
[11:55:20] [INFO] study initialized.
[11:55:20] [INFO] voice initialized.
[11:55:20] [INFO] vision initialized.
[11:55:20] [INFO] All Services Initialized.
[11:58:22] [INFO] Application Starting
[11:58:22] [INFO] Starting AURA
[11:58:22] [INFO] AURA Started Successfully
[11:58:22] [INFO] Initializing Services...
[11:58:22] [INFO] memory initialized.
[11:58:22] [INFO] ai initialized.
[11:58:22] [INFO] study initialized.
[11:58:22] [INFO] voice initialized.
[11:58:22] [INFO] vision initialized.
[11:58:22] [INFO] All Services Initialized.
[12:01:15] [INFO] Closing AURA...
[12:01:15] [INFO] Application Closed
[12:04:44] [INFO] Application Starting
[12:04:44] [INFO] Starting AURA
[12:04:44] [INFO] AURA Started Successfully
[12:04:44] [INFO] Initializing Services...
[12:04:44] [INFO] memory initialized.
[12:04:44] [INFO] ai initialized.
[12:04:44] [INFO] study initialized.
[12:04:44] [INFO] voice initialized.
[12:04:44] [INFO] vision initialized.
[12:04:44] [INFO] All Services Initialized.
[12:04:56] [INFO] Closing AURA...
[12:04:56] [INFO] Application Closed
[12:05:45] [INFO] Application Starting
[12:05:45] [INFO] Starting AURA
[12:05:45] [INFO] AURA Started Successfully
[12:05:45] [INFO] Initializing Services...
[12:05:45] [INFO] memory initialized.
[12:05:45] [INFO] ai initialized.
[12:05:45] [INFO] study initialized.
[12:05:45] [INFO] voice initialized.
[12:05:45] [INFO] vision initialized.
[12:05:45] [INFO] All Services Initialized.
[12:05:54] [INFO] Closing AURA...
[12:05:54] [INFO] Application Closed
[13:22:27] [INFO] Application Starting
[13:22:27] [INFO] Starting AURA
[13:22:27] [INFO] AURA Started Successfully
[13:22:27] [INFO] Initializing Services...
[13:22:27] [INFO] memory initialized.
[13:22:27] [INFO] ai initialized.
[13:22:27] [INFO] study initialized.
[13:22:27] [INFO] voice initialized.
[13:22:27] [INFO] vision initialized.
[13:22:27] [INFO] All Services Initialized.
[13:33:42] [INFO] Application Starting
[13:33:42] [INFO] Starting AURA
[13:33:42] [INFO] AURA Started Successfully
[13:33:42] [INFO] Initializing Services...
[13:33:42] [INFO] memory initialized.
[13:33:42] [INFO] ai initialized.
[13:33:42] [INFO] study initialized.
[13:33:42] [INFO] voice initialized.
[13:33:42] [INFO] vision initialized.
[13:33:42] [INFO] All Services Initialized.
[13:33:49] [INFO] Closing AURA...
[13:33:49] [INFO] Application Closed
[13:34:11] [INFO] Application Starting
[13:34:11] [INFO] Starting AURA
[13:34:11] [INFO] AURA Started Successfully
[13:34:11] [INFO] Initializing Services...
[13:34:11] [INFO] memory initialized.
[13:34:11] [INFO] ai initialized.
[13:34:11] [INFO] study initialized.
[13:34:11] [INFO] voice initialized.
[13:34:11] [INFO] vision initialized.
[13:34:11] [INFO] All Services Initialized.
[13:34:18] [INFO] Closing AURA...
[13:34:18] [INFO] Application Closed
[13:34:36] [INFO] Application Starting
[13:34:36] [INFO] Starting AURA
[13:34:36] [INFO] AURA Started Successfully
[13:34:36] [INFO] Initializing Services...
[13:34:36] [INFO] memory initialized.
[13:34:36] [INFO] ai initialized.
[13:34:36] [INFO] study initialized.
[13:34:36] [INFO] voice initialized.
[13:34:36] [INFO] vision initialized.
[13:34:36] [INFO] All Services Initialized.
[13:34:43] [INFO] Closing AURA...
[13:34:43] [INFO] Application Closed
[13:38:23] [INFO] Application Starting
[13:38:23] [INFO] Starting AURA
[13:38:23] [INFO] AURA Started Successfully
[13:38:23] [INFO] Initializing Services...
[13:38:23] [INFO] memory initialized.
[13:38:23] [INFO] ai initialized.
[13:38:23] [INFO] study initialized.
[13:38:23] [INFO] voice initialized.
[13:38:23] [INFO] vision initialized.
[13:38:23] [INFO] All Services Initialized.
[13:38:28] [INFO] Closing AURA...
[13:38:28] [INFO] Application Closed
[13:38:34] [INFO] Application Starting
[13:38:34] [INFO] Starting AURA
[13:38:34] [INFO] AURA Started Successfully
[13:38:34] [INFO] Initializing Services...
[13:38:34] [INFO] memory initialized.
[13:38:34] [INFO] ai initialized.
[13:38:34] [INFO] study initialized.
[13:38:34] [INFO] voice initialized.
[13:38:34] [INFO] vision initialized.
[13:38:34] [INFO] All Services Initialized.
[13:38:43] [INFO] Closing AURA...
[13:38:43] [INFO] Application Closed
[13:41:32] [INFO] Application Starting
[13:41:32] [INFO] Starting AURA
[13:41:32] [INFO] AURA Started Successfully
[13:41:32] [INFO] Initializing Services...
[13:41:32] [INFO] memory initialized.
[13:41:32] [INFO] ai initialized.
[13:41:32] [INFO] study initialized.
[13:41:32] [INFO] voice initialized.
[13:41:32] [INFO] vision initialized.
[13:41:32] [INFO] All Services Initialized.
[13:41:39] [INFO] Application Starting
[13:41:39] [INFO] Starting AURA
[13:41:39] [INFO] AURA Started Successfully
[13:41:39] [INFO] Initializing Services...
[13:41:39] [INFO] memory initialized.
[13:41:39] [INFO] ai initialized.
[13:41:39] [INFO] study initialized.
[13:41:39] [INFO] voice initialized.
[13:41:39] [INFO] vision initialized.
[13:41:39] [INFO] All Services Initialized.
[13:42:51] [INFO] Application Starting
[13:42:51] [INFO] Starting AURA
[13:42:51] [INFO] AURA Started Successfully
[13:42:51] [INFO] Initializing Services...
[13:42:51] [INFO] memory initialized.
[13:42:51] [INFO] ai initialized.
[13:42:51] [INFO] study initialized.
[13:42:51] [INFO] voice initialized.
[13:42:51] [INFO] vision initialized.
[13:42:51] [INFO] All Services Initialized.
[13:42:57] [INFO] Application Starting
[13:42:57] [INFO] Starting AURA
[13:42:57] [INFO] AURA Started Successfully
[13:42:57] [INFO] Initializing Services...
[13:42:57] [INFO] memory initialized.
[13:42:57] [INFO] ai initialized.
[13:42:57] [INFO] study initialized.
[13:42:57] [INFO] voice initialized.
[13:42:57] [INFO] vision initialized.
[13:42:57] [INFO] All Services Initialized.
[13:43:45] [INFO] Application Starting
[13:43:45] [INFO] Starting AURA
[13:43:45] [INFO] AURA Started Successfully
[13:43:45] [INFO] Initializing Services...
[13:43:45] [INFO] memory initialized.
[13:43:45] [INFO] ai initialized.
[13:43:45] [INFO] study initialized.
[13:43:45] [INFO] voice initialized.
[13:43:45] [INFO] vision initialized.
[13:43:45] [INFO] All Services Initialized.
[13:44:26] [INFO] Application Starting
[13:44:26] [INFO] Starting AURA
[13:44:26] [INFO] AURA Started Successfully
[13:44:26] [INFO] Initializing Services...
[13:44:26] [INFO] memory initialized.
[13:44:26] [INFO] ai initialized.
[13:44:26] [INFO] study initialized.
[13:44:26] [INFO] voice initialized.
[13:44:26] [INFO] vision initialized.
[13:44:26] [INFO] All Services Initialized.
[13:46:56] [INFO] Application Starting
[13:46:56] [INFO] Starting AURA
[13:46:56] [INFO] AURA Started Successfully
[13:46:56] [INFO] Initializing Services...
[13:46:56] [INFO] memory initialized.
[13:46:56] [INFO] ai initialized.
[13:46:56] [INFO] study initialized.
[13:46:56] [INFO] voice initialized.
[13:46:56] [INFO] vision initialized.
[13:46:56] [INFO] All Services Initialized.
[13:47:06] [INFO] Application Starting
[13:47:06] [INFO] Starting AURA
[13:47:06] [INFO] AURA Started Successfully
[13:47:06] [INFO] Initializing Services...
[13:47:06] [INFO] memory initialized.
[13:47:06] [INFO] ai initialized.
[13:47:06] [INFO] study initialized.
[13:47:06] [INFO] voice initialized.
[13:47:06] [INFO] vision initialized.
[13:47:06] [INFO] All Services Initialized.
[13:49:41] [INFO] Application Starting
[13:49:41] [INFO] Starting AURA
[13:49:41] [INFO] AURA Started Successfully
[13:49:41] [INFO] Initializing Services...
[13:49:41] [INFO] memory initialized.
[13:49:41] [INFO] ai initialized.
[13:49:41] [INFO] study initialized.
[13:49:41] [INFO] voice initialized.
[13:49:41] [INFO] vision initialized.
[13:49:41] [INFO] All Services Initialized.
[13:49:52] [INFO] Application Starting
[13:49:52] [INFO] Starting AURA
[13:49:52] [INFO] AURA Started Successfully
[13:49:52] [INFO] Initializing Services...
[13:49:52] [INFO] memory initialized.
[13:49:52] [INFO] ai initialized.
[13:49:52] [INFO] study initialized.
[13:49:52] [INFO] voice initialized.
[13:49:52] [INFO] vision initialized.
[13:49:52] [INFO] All Services Initialized.
[13:51:50] [INFO] Closing AURA...
[13:51:50] [INFO] Application Closed
[13:51:57] [INFO] Application Starting
[13:51:57] [INFO] Starting AURA
[13:51:57] [INFO] AURA Started Successfully
[13:51:57] [INFO] Initializing Services...
[13:51:57] [INFO] memory initialized.
[13:51:57] [INFO] ai initialized.
[13:51:57] [INFO] study initialized.
[13:51:57] [INFO] voice initialized.
[13:51:57] [INFO] vision initialized.
[13:51:57] [INFO] All Services Initialized.
[13:52:02] [INFO] Closing AURA...
[13:52:02] [INFO] Application Closed
[13:52:09] [INFO] Application Starting
[13:52:09] [INFO] Starting AURA
[13:52:09] [INFO] AURA Started Successfully
[13:52:09] [INFO] Initializing Services...
[13:52:09] [INFO] memory initialized.
[13:52:09] [INFO] ai initialized.
[13:52:09] [INFO] study initialized.
[13:52:09] [INFO] voice initialized.
[13:52:09] [INFO] vision initialized.
[13:52:09] [INFO] All Services Initialized.
[13:53:38] [INFO] Closing AURA...
[13:53:38] [INFO] Application Closed
[13:53:46] [INFO] Application Starting
[13:53:46] [INFO] Starting AURA
[13:53:46] [INFO] AURA Started Successfully
[13:53:46] [INFO] Initializing Services...
[13:53:46] [INFO] memory initialized.
[13:53:46] [INFO] ai initialized.
[13:53:46] [INFO] study initialized.
[13:53:46] [INFO] voice initialized.
[13:53:46] [INFO] vision initialized.
[13:53:46] [INFO] All Services Initialized.
[13:53:49] [INFO] Closing AURA...
[13:53:49] [INFO] Application Closed
[13:54:35] [INFO] Application Starting
[13:54:35] [INFO] Starting AURA
[13:54:35] [INFO] AURA Started Successfully
[13:54:35] [INFO] Initializing Services...
[13:54:35] [INFO] memory initialized.
[13:54:35] [INFO] ai initialized.
[13:54:35] [INFO] study initialized.
[13:54:35] [INFO] voice initialized.
[13:54:35] [INFO] vision initialized.
[13:54:35] [INFO] All Services Initialized.
[14:30:22] [INFO] Application Starting
[14:30:22] [INFO] Starting AURA
[14:30:22] [INFO] WEBSTER Started Successfully
[14:30:22] [INFO] Initializing Services...
[14:30:22] [INFO] memory initialized.
[14:30:22] [INFO] ai initialized.
[14:30:22] [INFO] study initialized.
[14:30:22] [INFO] voice initialized.
[14:30:22] [INFO] vision initialized.
[14:30:22] [INFO] All Services Initialized.
[14:30:35] [INFO] Closing AURA...
[14:30:35] [INFO] Application Closed
