[00:50:15] [INFO] Application Starting
[00:50:15] [INFO] Starting AURA
[00:50:15] [INFO] WEBSTER Started Successfully
[00:50:15] [INFO] Initializing Services...
[00:50:15] [INFO] memory initialized.
[00:52:06] [INFO] Application Starting
[00:52:06] [INFO] Starting AURA
[00:52:06] [INFO] WEBSTER Started Successfully
[00:52:06] [INFO] Initializing Services...
[00:52:06] [INFO] memory initialized.
[00:54:59] [INFO] Application Starting
[00:54:59] [INFO] Starting AURA
[00:54:59] [INFO] WEBSTER Started Successfully
[00:54:59] [INFO] Initializing Services...
[00:54:59] [INFO] memory initialized.
[00:56:10] [INFO] Application Starting
[00:56:10] [INFO] Starting AURA
[00:56:10] [INFO] WEBSTER Started Successfully
[00:56:10] [INFO] Initializing Services...
[00:56:10] [INFO] memory initialized.
[00:56:41] [INFO] Application Starting
[00:56:41] [INFO] Starting AURA
[00:56:41] [INFO] WEBSTER Started Successfully
[00:56:41] [INFO] Initializing Services...
[00:56:41] [INFO] memory initialized.
[00:58:52] [INFO] Application Starting
[00:58:52] [INFO] Starting AURA
[00:58:52] [INFO] WEBSTER Started Successfully
[00:58:52] [INFO] Initializing Services...
[00:58:52] [INFO] memory initialized.
[00:58:52] [INFO] ai initialized.
[00:58:52] [INFO] study initialized.
[00:58:52] [INFO] voice initialized.
[00:58:52] [INFO] vision initialized.
[00:58:52] [INFO] All Services Initialized.
[01:00:31] [INFO] Closing AURA...
[01:00:31] [INFO] Application Closed
[01:03:32] [INFO] Application Starting
[01:03:32] [INFO] Starting AURA
[01:03:32] [INFO] WEBSTER Started Successfully
[01:03:32] [INFO] Initializing Services...
[01:03:32] [INFO] memory initialized.
[01:03:32] [INFO] ai initialized.
[01:03:32] [INFO] study initialized.
[01:03:32] [INFO] voice initialized.
[01:03:32] [INFO] vision initialized.
[01:03:32] [INFO] All Services Initialized.
[01:04:36] [INFO] Closing AURA...
[01:04:36] [INFO] Application Closed
[13:57:40] [INFO] Application Starting
[13:57:40] [INFO] Starting WEBSTER
[13:57:40] [INFO] WEBSTER Started Successfully
[13:57:40] [INFO] Initializing Services...
[13:57:40] [INFO] memory initialized.
[13:57:41] [INFO] ai initialized.
[13:57:41] [INFO] study initialized.
[13:57:41] [INFO] voice initialized.
[13:57:41] [INFO] vision initialized.
[13:57:41] [INFO] All Services Initialized.
[13:57:52] [INFO] Application Starting
[13:57:52] [INFO] Starting WEBSTER
[13:57:52] [INFO] WEBSTER Started Successfully
[13:57:52] [INFO] Initializing Services...
[13:57:52] [INFO] memory initialized.
[13:57:52] [INFO] ai initialized.
[13:57:52] [INFO] study initialized.
[13:57:52] [INFO] voice initialized.
[13:57:52] [INFO] vision initialized.
[13:57:52] [INFO] All Services Initialized.
[14:23:42] [INFO] Application Starting
[14:23:42] [INFO] Starting WEBSTER
[14:23:42] [INFO] WEBSTER Started Successfully
[14:23:42] [INFO] Initializing Services...
[14:23:42] [INFO] memory initialized.
[14:23:43] [INFO] ai initialized.
[14:23:43] [INFO] study initialized.
[14:23:43] [INFO] voice initialized.
[14:23:43] [INFO] vision initialized.
[14:23:43] [INFO] All Services Initialized.
[14:23:49] [INFO] Closing WEBSTER...
[14:23:49] [INFO] Application Closed
[19:13:01] [INFO] Application Starting
[19:13:01] [INFO] Starting WEBSTER
[19:13:01] [INFO] WEBSTER Started Successfully
[19:13:01] [INFO] Initializing Services...
[19:13:01] [INFO] memory initialized.
[19:13:02] [INFO] ai initialized.
[19:13:02] [INFO] study initialized.
[19:13:02] [INFO] voice initialized.
[19:13:02] [INFO] vision initialized.
[19:13:02] [INFO] All Services Initialized.
[19:16:59] [INFO] Application Starting
[19:16:59] [INFO] Starting WEBSTER
[19:16:59] [INFO] WEBSTER Started Successfully
[19:16:59] [INFO] Initializing Services...
[19:16:59] [INFO] memory initialized.
[19:16:59] [INFO] ai initialized.
[19:16:59] [INFO] study initialized.
[19:16:59] [INFO] voice initialized.
[19:16:59] [INFO] vision initialized.
[19:16:59] [INFO] All Services Initialized.
[19:24:40] [INFO] Application Starting
[19:24:40] [INFO] Starting WEBSTER
[19:24:40] [INFO] WEBSTER Started Successfully
[19:24:40] [INFO] Initializing Services...
[19:24:40] [INFO] memory initialized.
[19:24:41] [INFO] ai initialized.
[19:24:41] [INFO] study initialized.
[19:24:41] [INFO] voice initialized.
[19:24:41] [INFO] vision initialized.
[19:24:41] [INFO] All Services Initialized.
[19:25:42] [INFO] Application Starting
[19:25:42] [INFO] Starting WEBSTER
[19:25:42] [INFO] WEBSTER Started Successfully
[19:25:42] [INFO] Initializing Services...
[19:25:42] [INFO] memory initialized.
[19:25:43] [INFO] ai initialized.
[19:25:43] [INFO] study initialized.
[19:25:43] [INFO] voice initialized.
[19:25:43] [INFO] vision initialized.
[19:25:43] [INFO] All Services Initialized.
[19:26:07] [INFO] Application Starting
[19:26:07] [INFO] Starting WEBSTER
[19:26:07] [INFO] WEBSTER Started Successfully
[19:26:07] [INFO] Initializing Services...
[19:26:07] [INFO] memory initialized.
[19:26:08] [INFO] ai initialized.
[19:26:08] [INFO] study initialized.
[19:26:08] [INFO] voice initialized.
[19:26:08] [INFO] vision initialized.
[19:26:08] [INFO] All Services Initialized.
[19:26:33] [INFO] Application Starting
[19:26:33] [INFO] Starting WEBSTER
[19:26:33] [INFO] WEBSTER Started Successfully
[19:26:33] [INFO] Initializing Services...
[19:26:33] [INFO] memory initialized.
[19:26:33] [INFO] ai initialized.
[19:26:33] [INFO] study initialized.
[19:26:33] [INFO] voice initialized.
[19:26:33] [INFO] vision initialized.
[19:26:33] [INFO] All Services Initialized.
[19:26:52] [INFO] Application Starting
[19:26:52] [INFO] Starting WEBSTER
[19:26:52] [INFO] WEBSTER Started Successfully
[19:26:52] [INFO] Initializing Services...
[19:26:52] [INFO] memory initialized.
[19:26:52] [INFO] ai initialized.
[19:26:52] [INFO] study initialized.
[19:26:52] [INFO] voice initialized.
[19:26:52] [INFO] vision initialized.
[19:26:52] [INFO] All Services Initialized.
[19:34:14] [INFO] Closing WEBSTER...
[19:34:14] [INFO] Application Closed
[20:03:43] [INFO] Application Starting
[20:03:43] [INFO] Starting WEBSTER
[20:03:43] [INFO] WEBSTER Started Successfully
[20:03:43] [INFO] Initializing Services...
[20:03:43] [INFO] memory initialized.
[20:03:44] [INFO] ai initialized.
[20:03:44] [INFO] study initialized.
[20:03:44] [INFO] voice initialized.
[20:03:44] [INFO] vision initialized.
[20:03:44] [INFO] All Services Initialized.
[20:03:57] [INFO] Closing WEBSTER...
[20:03:57] [INFO] Application Closed
[20:06:00] [INFO] Application Starting
[20:06:00] [INFO] Starting WEBSTER
[20:06:00] [INFO] WEBSTER Started Successfully
[20:06:00] [INFO] Initializing Services...
[20:06:00] [INFO] memory initialized.
[20:06:01] [INFO] ai initialized.
[20:06:01] [INFO] study initialized.
[20:06:01] [INFO] voice initialized.
[20:06:01] [INFO] vision initialized.
[20:06:01] [INFO] All Services Initialized.
[20:06:12] [INFO] Closing WEBSTER...
[20:06:12] [INFO] Application Closed
[20:33:26] [INFO] Application Starting
[20:33:26] [INFO] Starting WEBSTER
[20:33:26] [INFO] WEBSTER Started Successfully
[20:33:26] [INFO] Initializing Services...
[20:33:26] [INFO] memory initialized.
[20:33:27] [INFO] ai initialized.
[20:33:27] [INFO] study initialized.
[20:33:27] [INFO] voice initialized.
[20:33:27] [INFO] vision initialized.
[20:33:27] [INFO] All Services Initialized.
[20:42:43] [INFO] Application Starting
[20:42:43] [INFO] Starting WEBSTER
[20:42:43] [INFO] WEBSTER Started Successfully
[20:42:43] [INFO] Initializing Services...
[20:42:43] [INFO] memory initialized.
[20:42:44] [INFO] ai initialized.
[20:42:44] [INFO] study initialized.
[20:42:44] [INFO] voice initialized.
[20:42:44] [INFO] vision initialized.
[20:42:44] [INFO] All Services Initialized.
[20:45:13] [INFO] Application Starting
[20:45:13] [INFO] Starting WEBSTER
[20:45:13] [INFO] WEBSTER Started Successfully
[20:45:13] [INFO] Initializing Services...
[20:45:13] [INFO] memory initialized.
[20:45:14] [INFO] ai initialized.
[20:45:14] [INFO] study initialized.
[20:45:14] [INFO] voice initialized.
[20:45:14] [INFO] vision initialized.
[20:45:14] [INFO] All Services Initialized.
[22:06:18] [INFO] Application Starting
[22:06:18] [INFO] Starting WEBSTER
[22:06:18] [INFO] WEBSTER Started Successfully
[22:06:18] [INFO] Initializing Services...
[22:06:18] [INFO] memory initialized.
[22:06:19] [INFO] ai initialized.
[22:06:19] [INFO] study initialized.
[22:06:19] [INFO] voice initialized.
[22:06:19] [INFO] vision initialized.
[22:06:19] [INFO] All Services Initialized.
[22:06:44] [INFO] Closing WEBSTER...
[22:06:44] [INFO] Application Closed
[22:07:02] [INFO] Application Starting
[22:07:02] [INFO] Starting WEBSTER
[22:07:02] [INFO] WEBSTER Started Successfully
[22:07:02] [INFO] Initializing Services...
[22:07:02] [INFO] memory initialized.
[22:07:03] [INFO] ai initialized.
[22:07:03] [INFO] study initialized.
[22:07:03] [INFO] voice initialized.
[22:07:03] [INFO] vision initialized.
[22:07:03] [INFO] All Services Initialized.
[22:18:08] [INFO] Closing WEBSTER...
[22:18:08] [INFO] Application Closed
[22:18:15] [INFO] Application Starting
[22:18:15] [INFO] Starting WEBSTER
[22:18:15] [INFO] WEBSTER Started Successfully
[22:18:15] [INFO] Initializing Services...
[22:18:15] [INFO] memory initialized.
[22:18:16] [INFO] ai initialized.
[22:18:16] [INFO] study initialized.
[22:18:16] [INFO] voice initialized.
[22:18:16] [INFO] vision initialized.
[22:18:16] [INFO] All Services Initialized.
[22:18:36] [INFO] Application Starting
[22:18:36] [INFO] Starting WEBSTER
[22:18:36] [INFO] WEBSTER Started Successfully
[22:18:36] [INFO] Initializing Services...
[22:18:36] [INFO] memory initialized.
[22:18:37] [INFO] ai initialized.
[22:18:37] [INFO] study initialized.
[22:18:37] [INFO] voice initialized.
[22:18:37] [INFO] vision initialized.
[22:18:37] [INFO] All Services Initialized.
[22:22:20] [INFO] Closing WEBSTER...
[22:22:20] [INFO] Application Closed
[22:22:28] [INFO] Application Starting
[22:22:28] [INFO] Starting WEBSTER
[22:22:28] [INFO] WEBSTER Started Successfully
[22:22:28] [INFO] Initializing Services...
[22:22:28] [INFO] memory initialized.
[22:22:29] [INFO] ai initialized.
[22:22:29] [INFO] study initialized.
[22:22:29] [INFO] voice initialized.
[22:22:29] [INFO] vision initialized.
[22:22:29] [INFO] All Services Initialized.
[22:22:46] [INFO] Closing WEBSTER...
[22:22:46] [INFO] Application Closed
[22:27:16] [INFO] Application Starting
[22:27:16] [INFO] Starting WEBSTER
[22:27:16] [INFO] WEBSTER Started Successfully
[22:27:16] [INFO] Initializing Services...
[22:27:16] [INFO] memory initialized.
[22:27:17] [INFO] ai initialized.
[22:27:17] [INFO] study initialized.
[22:27:17] [INFO] voice initialized.
[22:27:17] [INFO] vision initialized.
[22:27:17] [INFO] All Services Initialized.
[22:27:56] [INFO] Closing WEBSTER...
[22:27:56] [INFO] Application Closed
