[14:42:06] [INFO] Application Starting
[14:42:06] [INFO] Starting WEBSTER
[14:42:06] [INFO] WEBSTER Started Successfully
[14:42:06] [INFO] Initializing Services...
[14:42:06] [INFO] memory initialized.
[14:42:07] [INFO] ai initialized.
[14:42:07] [INFO] study initialized.
[14:42:07] [INFO] voice initialized.
[14:42:07] [INFO] vision initialized.
[14:42:07] [INFO] All Services Initialized.
[14:42:17] [INFO] Closing WEBSTER...
[14:42:17] [INFO] Application Closed
[14:42:37] [INFO] Application Starting
[14:42:37] [INFO] Starting WEBSTER
[14:42:37] [INFO] WEBSTER Started Successfully
[14:42:37] [INFO] Initializing Services...
[14:42:37] [INFO] memory initialized.
[14:42:38] [INFO] ai initialized.
[14:42:38] [INFO] study initialized.
[14:42:38] [INFO] voice initialized.
[14:42:38] [INFO] vision initialized.
[14:42:38] [INFO] All Services Initialized.
[14:49:49] [INFO] Closing WEBSTER...
[14:49:49] [INFO] Application Closed
[16:10:04] [INFO] Application Starting
[16:10:04] [INFO] Starting WEBSTER
[16:10:04] [INFO] WEBSTER Started Successfully
[16:10:04] [INFO] Initializing Services...
[16:10:04] [INFO] memory initialized.
[16:10:05] [INFO] ai initialized.
[16:10:05] [INFO] study initialized.
[16:10:05] [INFO] voice initialized.
[16:10:05] [INFO] vision initialized.
[16:10:05] [INFO] All Services Initialized.
[16:11:32] [INFO] Closing WEBSTER...
[16:11:32] [INFO] Application Closed
[16:16:16] [INFO] Application Starting
[16:16:16] [INFO] Starting WEBSTER
[16:16:16] [INFO] WEBSTER Started Successfully
[16:16:16] [INFO] Initializing Services...
[16:16:16] [INFO] memory initialized.
[16:16:16] [INFO] ai initialized.
[16:16:16] [INFO] study initialized.
[16:16:16] [INFO] voice initialized.
[16:16:16] [INFO] vision initialized.
[16:16:16] [INFO] All Services Initialized.
[16:17:43] [INFO] Application Starting
[16:17:43] [INFO] Starting WEBSTER
[16:17:43] [INFO] WEBSTER Started Successfully
[16:17:43] [INFO] Initializing Services...
[16:17:43] [INFO] memory initialized.
[16:17:44] [INFO] ai initialized.
[16:17:44] [INFO] study initialized.
[16:17:44] [INFO] voice initialized.
[16:17:44] [INFO] vision initialized.
[16:17:44] [INFO] All Services Initialized.
[16:17:53] [INFO] Closing WEBSTER...
[16:17:53] [INFO] Application Closed
[16:22:20] [INFO] Application Starting
[16:22:20] [INFO] Starting WEBSTER
[16:22:20] [INFO] WEBSTER Started Successfully
[16:22:20] [INFO] Initializing Services...
[16:22:20] [INFO] memory initialized.
[16:22:21] [INFO] ai initialized.
[16:22:21] [INFO] study initialized.
[16:22:21] [INFO] voice initialized.
[16:22:21] [INFO] vision initialized.
[16:22:21] [INFO] All Services Initialized.
[16:24:40] [INFO] Application Starting
[16:24:40] [INFO] Starting WEBSTER
[16:24:40] [INFO] WEBSTER Started Successfully
[16:24:40] [INFO] Initializing Services...
[16:24:40] [INFO] memory initialized.
[16:24:40] [INFO] ai initialized.
[16:24:40] [INFO] study initialized.
[16:24:40] [INFO] voice initialized.
[16:24:40] [INFO] vision initialized.
[16:24:40] [INFO] All Services Initialized.
[16:41:20] [INFO] Closing WEBSTER...
[16:41:20] [INFO] Application Closed
[16:41:29] [INFO] Application Starting
[16:41:29] [INFO] Starting WEBSTER
[16:41:29] [INFO] WEBSTER Started Successfully
[16:41:29] [INFO] Initializing Services...
[16:41:29] [INFO] memory initialized.
[16:41:29] [INFO] ai initialized.
[16:41:29] [INFO] study initialized.
[16:41:29] [INFO] voice initialized.
[16:41:29] [INFO] vision initialized.
[16:41:29] [INFO] All Services Initialized.
[16:49:15] [INFO] Closing WEBSTER...
[16:49:15] [INFO] Application Closed
[16:49:22] [INFO] Application Starting
[16:49:22] [INFO] Starting WEBSTER
[16:49:22] [INFO] WEBSTER Started Successfully
[16:49:22] [INFO] Initializing Services...
[16:49:22] [INFO] memory initialized.
[16:49:22] [INFO] ai initialized.
[16:49:22] [INFO] study initialized.
[16:49:22] [INFO] voice initialized.
[16:49:22] [INFO] vision initialized.
[16:49:22] [INFO] All Services Initialized.
[17:02:02] [INFO] Closing WEBSTER...
[17:02:02] [INFO] Application Closed
[20:08:26] [INFO] Application Starting
[20:08:26] [INFO] Starting WEBSTER
[20:08:26] [INFO] WEBSTER Started Successfully
[20:08:26] [INFO] Initializing Services...
[20:08:26] [INFO] memory initialized.
[20:08:27] [INFO] ai initialized.
[20:08:27] [INFO] study initialized.
[20:08:27] [INFO] voice initialized.
[20:08:27] [INFO] vision initialized.
[20:08:27] [INFO] All Services Initialized.
[21:38:03] [INFO] Application Starting
[21:38:03] [INFO] Starting WEBSTER
[21:38:03] [INFO] WEBSTER Started Successfully
[21:38:03] [INFO] Initializing Services...
[21:38:03] [INFO] memory initialized.
[21:38:03] [INFO] ai initialized.
[21:38:03] [INFO] study initialized.
[21:38:03] [INFO] voice initialized.
[21:38:03] [INFO] vision initialized.
[21:38:03] [INFO] All Services Initialized.
[21:44:52] [INFO] Application Starting
[21:44:52] [INFO] Starting WEBSTER
[21:44:52] [INFO] WEBSTER Started Successfully
[21:44:52] [INFO] Initializing Services...
[21:44:52] [INFO] memory initialized.
[21:44:52] [INFO] ai initialized.
[21:44:52] [INFO] study initialized.
[21:44:52] [INFO] voice initialized.
[21:44:52] [INFO] vision initialized.
[21:44:52] [INFO] All Services Initialized.
[21:46:18] [INFO] Application Starting
[21:46:18] [INFO] Starting WEBSTER
[21:46:18] [INFO] WEBSTER Started Successfully
[21:46:18] [INFO] Initializing Services...
[21:46:18] [INFO] memory initialized.
[21:46:19] [INFO] ai initialized.
[21:46:19] [INFO] study initialized.
[21:46:19] [INFO] voice initialized.
[21:46:19] [INFO] vision initialized.
[21:46:19] [INFO] All Services Initialized.
[21:47:54] [INFO] Application Starting
[21:47:54] [INFO] Starting WEBSTER
[21:47:54] [INFO] WEBSTER Started Successfully
[21:47:54] [INFO] Initializing Services...
[21:47:54] [INFO] memory initialized.
[21:47:54] [INFO] ai initialized.
[21:47:54] [INFO] study initialized.
[21:47:54] [INFO] voice initialized.
[21:47:54] [INFO] vision initialized.
[21:47:54] [INFO] All Services Initialized.
[21:49:01] [INFO] Application Starting
[21:49:01] [INFO] Starting WEBSTER
[21:49:01] [INFO] WEBSTER Started Successfully
[21:49:01] [INFO] Initializing Services...
[21:49:01] [INFO] memory initialized.
[21:49:02] [INFO] ai initialized.
[21:49:02] [INFO] study initialized.
[21:49:02] [INFO] voice initialized.
[21:49:02] [INFO] vision initialized.
[21:49:02] [INFO] All Services Initialized.
[21:49:38] [INFO] Application Starting
[21:49:38] [INFO] Starting WEBSTER
[21:49:38] [INFO] WEBSTER Started Successfully
[21:49:38] [INFO] Initializing Services...
[21:49:38] [INFO] memory initialized.
[21:49:38] [INFO] ai initialized.
[21:49:38] [INFO] study initialized.
[21:49:38] [INFO] voice initialized.
[21:49:38] [INFO] vision initialized.
[21:49:38] [INFO] All Services Initialized.
[21:50:13] [INFO] Application Starting
[21:50:13] [INFO] Starting WEBSTER
[21:50:13] [INFO] WEBSTER Started Successfully
[21:50:13] [INFO] Initializing Services...
[21:50:13] [INFO] memory initialized.
[21:50:14] [INFO] ai initialized.
[21:50:14] [INFO] study initialized.
[21:50:14] [INFO] voice initialized.
[21:50:14] [INFO] vision initialized.
[21:50:14] [INFO] All Services Initialized.
[21:51:17] [INFO] Application Starting
[21:51:17] [INFO] Starting WEBSTER
[21:51:17] [INFO] WEBSTER Started Successfully
[21:51:17] [INFO] Initializing Services...
[21:51:17] [INFO] memory initialized.
[21:51:18] [INFO] ai initialized.
[21:51:18] [INFO] study initialized.
[21:51:18] [INFO] voice initialized.
[21:51:18] [INFO] vision initialized.
[21:51:18] [INFO] All Services Initialized.
[21:52:48] [INFO] Application Starting
[21:52:48] [INFO] Starting WEBSTER
[21:52:48] [INFO] WEBSTER Started Successfully
[21:52:48] [INFO] Initializing Services...
[21:52:48] [INFO] memory initialized.
[21:52:49] [INFO] ai initialized.
[21:52:49] [INFO] study initialized.
[21:52:49] [INFO] voice initialized.
[21:52:49] [INFO] vision initialized.
[21:52:49] [INFO] All Services Initialized.
[21:53:27] [INFO] Application Starting
[21:53:27] [INFO] Starting WEBSTER
[21:53:27] [INFO] WEBSTER Started Successfully
[21:53:27] [INFO] Initializing Services...
[21:53:27] [INFO] memory initialized.
[21:53:27] [INFO] ai initialized.
[21:53:27] [INFO] study initialized.
[21:53:27] [INFO] voice initialized.
[21:53:27] [INFO] vision initialized.
[21:53:27] [INFO] All Services Initialized.
